// Jest Snapshot v1, https://goo.gl/fbAQLP

exports[`my_notes.js has the expected html structure 1`] = `
<div>
  <!---->
</div>
`;
